mode: atomic
github.com/kjuiop/live-platform-go/internal/system/application/system_service.go:19.67,25.2 1 1
github.com/kjuiop/live-platform-go/internal/system/application/system_service.go:27.81,29.2 1 1
github.com/kjuiop/live-platform-go/internal/system/domain/system.go:13.81,21.2 1 3
github.com/kjuiop/live-platform-go/platform/http/middleware/cors.go:10.38,20.2 1 0
github.com/kjuiop/live-platform-go/platform/http/middleware/logging.go:11.42,12.30 1 2
github.com/kjuiop/live-platform-go/platform/http/middleware/logging.go:12.30,24.28 8 2
github.com/kjuiop/live-platform-go/platform/http/middleware/logging.go:24.28,26.4 1 0
github.com/kjuiop/live-platform-go/platform/http/middleware/logging.go:28.3,28.16 1 2
github.com/kjuiop/live-platform-go/platform/http/middleware/logging.go:28.16,30.4 1 0
github.com/kjuiop/live-platform-go/platform/http/middleware/logging.go:32.3,46.10 4 2
github.com/kjuiop/live-platform-go/platform/http/middleware/logging.go:47.30,48.26 1 1
github.com/kjuiop/live-platform-go/platform/http/middleware/logging.go:49.34,50.62 1 0
github.com/kjuiop/live-platform-go/platform/http/middleware/logging.go:51.34,52.63 1 1
github.com/kjuiop/live-platform-go/platform/http/middleware/logging.go:53.11,54.41 1 0
github.com/kjuiop/live-platform-go/platform/http/middleware/recover.go:16.33,17.30 1 2
github.com/kjuiop/live-platform-go/platform/http/middleware/recover.go:17.30,18.16 1 2
github.com/kjuiop/live-platform-go/platform/http/middleware/recover.go:18.16,19.36 1 2
github.com/kjuiop/live-platform-go/platform/http/middleware/recover.go:19.36,22.26 1 1
github.com/kjuiop/live-platform-go/platform/http/middleware/recover.go:22.26,29.6 3 0
github.com/kjuiop/live-platform-go/platform/http/middleware/recover.go:31.5,38.54 3 1
github.com/kjuiop/live-platform-go/platform/http/middleware/recover.go:41.3,41.11 1 2
github.com/kjuiop/live-platform-go/platform/http/middleware/recover.go:46.33,47.38 1 1
github.com/kjuiop/live-platform-go/platform/http/middleware/recover.go:47.38,48.46 1 0
github.com/kjuiop/live-platform-go/platform/http/middleware/recover.go:48.46,52.4 2 0
github.com/kjuiop/live-platform-go/platform/http/middleware/recover.go:54.2,54.14 1 1
github.com/kjuiop/live-platform-go/platform/http/middleware/response.go:3.37,5.2 1 2
github.com/kjuiop/live-platform-go/platform/http/middleware/response.go:7.41,9.2 1 1
github.com/kjuiop/live-platform-go/platform/http/middleware/response.go:11.41,13.2 1 1
github.com/kjuiop/live-platform-go/config/config.go:38.42,40.58 2 0
github.com/kjuiop/live-platform-go/config/config.go:40.58,42.3 1 0
github.com/kjuiop/live-platform-go/config/config.go:43.2,43.21 1 0
github.com/kjuiop/live-platform-go/cmd/worker/main.go:13.13,15.2 1 0
github.com/kjuiop/live-platform-go/cmd/controller/main.go:20.13,37.2 11 0
github.com/kjuiop/live-platform-go/cmd/controller/main.go:39.36,43.2 3 0
github.com/kjuiop/live-platform-go/cmd/controller/app/app.go:31.72,34.16 2 0
github.com/kjuiop/live-platform-go/cmd/controller/app/app.go:34.16,36.3 1 0
github.com/kjuiop/live-platform-go/cmd/controller/app/app.go:38.2,38.52 1 0
github.com/kjuiop/live-platform-go/cmd/controller/app/app.go:38.52,40.3 1 0
github.com/kjuiop/live-platform-go/cmd/controller/app/app.go:42.2,43.16 2 0
github.com/kjuiop/live-platform-go/cmd/controller/app/app.go:43.16,45.3 1 0
github.com/kjuiop/live-platform-go/cmd/controller/app/app.go:47.2,48.16 2 0
github.com/kjuiop/live-platform-go/cmd/controller/app/app.go:48.16,50.3 1 0
github.com/kjuiop/live-platform-go/cmd/controller/app/app.go:52.2,63.12 3 0
github.com/kjuiop/live-platform-go/cmd/controller/app/app.go:66.41,69.2 2 0
github.com/kjuiop/live-platform-go/cmd/controller/app/app.go:71.22,77.2 4 0
github.com/kjuiop/live-platform-go/cmd/controller/app/app.go:79.29,99.2 9 0
github.com/kjuiop/live-platform-go/cmd/controller/app/app.go:99.2,102.3 2 0
github.com/kjuiop/live-platform-go/internal/system/application/system_service.go:19.67,25.2 1 1
github.com/kjuiop/live-platform-go/internal/system/application/system_service.go:27.81,29.2 1 1
github.com/kjuiop/live-platform-go/internal/shared/models/errors.go:13.37,14.19 1 0
github.com/kjuiop/live-platform-go/internal/shared/models/errors.go:14.19,16.3 1 0
github.com/kjuiop/live-platform-go/internal/shared/models/errors.go:17.2,17.61 1 0
github.com/kjuiop/live-platform-go/internal/shared/models/errors.go:57.58,59.13 2 0
github.com/kjuiop/live-platform-go/internal/shared/models/errors.go:59.13,61.3 1 0
github.com/kjuiop/live-platform-go/internal/shared/models/errors.go:63.2,63.53 1 0
github.com/kjuiop/live-platform-go/internal/shared/models/errors.go:66.35,68.37 2 0
github.com/kjuiop/live-platform-go/internal/shared/models/errors.go:68.37,70.3 1 0
github.com/kjuiop/live-platform-go/internal/shared/models/errors.go:71.2,71.22 1 0
github.com/kjuiop/live-platform-go/internal/shared/models/errors.go:74.40,76.13 2 0
github.com/kjuiop/live-platform-go/internal/shared/models/errors.go:76.13,78.3 1 0
github.com/kjuiop/live-platform-go/internal/shared/models/errors.go:80.2,80.16 1 0
github.com/kjuiop/live-platform-go/internal/room/adapter/out/redis/room_repository.go:26.71,30.2 1 0
github.com/kjuiop/live-platform-go/internal/room/adapter/out/redis/room_repository.go:32.36,34.2 1 0
github.com/kjuiop/live-platform-go/internal/room/adapter/out/redis/room_repository.go:36.89,52.82 4 0
github.com/kjuiop/live-platform-go/internal/room/adapter/out/redis/room_repository.go:52.82,54.3 1 0
github.com/kjuiop/live-platform-go/internal/room/adapter/out/redis/room_repository.go:55.2,55.12 1 0
github.com/kjuiop/live-platform-go/internal/system/domain/system.go:13.81,21.2 1 3
github.com/kjuiop/live-platform-go/internal/shared/utils/utils.go:10.23,14.2 3 0
github.com/kjuiop/live-platform-go/platform/http/gin.go:26.52,31.58 3 0
github.com/kjuiop/live-platform-go/platform/http/gin.go:31.58,33.3 1 0
github.com/kjuiop/live-platform-go/platform/http/gin.go:35.2,50.8 5 0
github.com/kjuiop/live-platform-go/platform/http/gin.go:53.21,55.42 2 0
github.com/kjuiop/live-platform-go/platform/http/gin.go:55.42,57.3 1 0
github.com/kjuiop/live-platform-go/platform/http/gin.go:57.8,59.3 1 0
github.com/kjuiop/live-platform-go/platform/http/gin.go:62.45,63.44 1 0
github.com/kjuiop/live-platform-go/platform/http/gin.go:63.44,65.3 1 0
github.com/kjuiop/live-platform-go/platform/http/gin.go:68.39,70.2 1 0
github.com/kjuiop/live-platform-go/platform/http/gin.go:72.44,73.14 1 0
github.com/kjuiop/live-platform-go/platform/http/gin.go:74.14,75.31 1 0
github.com/kjuiop/live-platform-go/platform/http/gin.go:76.14,77.28 1 0
github.com/kjuiop/live-platform-go/platform/http/gin.go:79.2,79.18 1 0
github.com/kjuiop/live-platform-go/platform/http/gin.go:82.45,85.26 3 0
github.com/kjuiop/live-platform-go/platform/http/gin.go:85.26,86.53 1 0
github.com/kjuiop/live-platform-go/platform/http/gin.go:86.53,88.4 1 0
github.com/kjuiop/live-platform-go/platform/http/gin.go:90.2,90.16 1 0
github.com/kjuiop/live-platform-go/logger/logger.go:16.40,18.16 2 0
github.com/kjuiop/live-platform-go/logger/logger.go:18.16,20.3 1 0
github.com/kjuiop/live-platform-go/logger/logger.go:22.2,23.21 2 0
github.com/kjuiop/live-platform-go/logger/logger.go:23.21,25.3 1 0
github.com/kjuiop/live-platform-go/logger/logger.go:25.8,27.48 2 0
github.com/kjuiop/live-platform-go/logger/logger.go:27.48,29.4 1 0
github.com/kjuiop/live-platform-go/logger/logger.go:30.3,37.25 2 0
github.com/kjuiop/live-platform-go/logger/logger.go:40.2,43.61 1 0
github.com/kjuiop/live-platform-go/logger/logger.go:43.61,45.4 1 0
github.com/kjuiop/live-platform-go/logger/logger.go:47.2,49.12 3 0
github.com/kjuiop/live-platform-go/logger/logger.go:52.56,60.9 3 0
github.com/kjuiop/live-platform-go/logger/logger.go:60.9,62.3 1 0
github.com/kjuiop/live-platform-go/logger/logger.go:63.2,63.20 1 0
github.com/kjuiop/live-platform-go/platform/http/middleware/cors.go:10.38,20.2 1 0
github.com/kjuiop/live-platform-go/platform/http/middleware/logging.go:11.42,12.30 1 2
github.com/kjuiop/live-platform-go/platform/http/middleware/logging.go:12.30,24.28 8 2
github.com/kjuiop/live-platform-go/platform/http/middleware/logging.go:24.28,26.4 1 0
github.com/kjuiop/live-platform-go/platform/http/middleware/logging.go:28.3,28.16 1 2
github.com/kjuiop/live-platform-go/platform/http/middleware/logging.go:28.16,30.4 1 0
github.com/kjuiop/live-platform-go/platform/http/middleware/logging.go:32.3,46.10 4 2
github.com/kjuiop/live-platform-go/platform/http/middleware/logging.go:47.30,48.26 1 1
github.com/kjuiop/live-platform-go/platform/http/middleware/logging.go:49.34,50.62 1 0
github.com/kjuiop/live-platform-go/platform/http/middleware/logging.go:51.34,52.63 1 1
github.com/kjuiop/live-platform-go/platform/http/middleware/logging.go:53.11,54.41 1 0
github.com/kjuiop/live-platform-go/platform/http/middleware/recover.go:16.33,17.30 1 2
github.com/kjuiop/live-platform-go/platform/http/middleware/recover.go:17.30,18.16 1 2
github.com/kjuiop/live-platform-go/platform/http/middleware/recover.go:18.16,19.36 1 2
github.com/kjuiop/live-platform-go/platform/http/middleware/recover.go:19.36,22.26 1 1
github.com/kjuiop/live-platform-go/platform/http/middleware/recover.go:22.26,29.6 3 0
github.com/kjuiop/live-platform-go/platform/http/middleware/recover.go:31.5,38.54 3 1
github.com/kjuiop/live-platform-go/platform/http/middleware/recover.go:41.3,41.11 1 2
github.com/kjuiop/live-platform-go/platform/http/middleware/recover.go:46.33,47.38 1 1
github.com/kjuiop/live-platform-go/platform/http/middleware/recover.go:47.38,48.46 1 0
github.com/kjuiop/live-platform-go/platform/http/middleware/recover.go:48.46,52.4 2 0
github.com/kjuiop/live-platform-go/platform/http/middleware/recover.go:54.2,54.14 1 1
github.com/kjuiop/live-platform-go/platform/http/middleware/response.go:3.37,5.2 1 2
github.com/kjuiop/live-platform-go/platform/http/middleware/response.go:7.41,9.2 1 1
github.com/kjuiop/live-platform-go/platform/http/middleware/response.go:11.41,13.2 1 1
github.com/kjuiop/live-platform-go/platform/redis/redis.go:19.83,29.47 2 0
github.com/kjuiop/live-platform-go/platform/redis/redis.go:29.47,30.42 1 0
github.com/kjuiop/live-platform-go/platform/redis/redis.go:30.42,32.4 1 0
github.com/kjuiop/live-platform-go/platform/redis/redis.go:33.3,33.58 1 0
github.com/kjuiop/live-platform-go/platform/redis/redis.go:36.2,39.8 1 0
github.com/kjuiop/live-platform-go/platform/redis/redis.go:42.106,46.20 3 0
github.com/kjuiop/live-platform-go/platform/redis/redis.go:46.20,48.3 1 0
github.com/kjuiop/live-platform-go/platform/redis/redis.go:50.2,50.42 1 0
github.com/kjuiop/live-platform-go/platform/redis/redis.go:50.42,52.3 1 0
github.com/kjuiop/live-platform-go/platform/redis/redis.go:54.2,54.12 1 0
github.com/kjuiop/live-platform-go/platform/redis/redis.go:57.93,59.2 1 0
github.com/kjuiop/live-platform-go/platform/redis/redis.go:61.113,63.2 1 0
github.com/kjuiop/live-platform-go/platform/redis/redis.go:65.101,67.2 1 0
github.com/kjuiop/live-platform-go/platform/redis/redis.go:69.26,70.41 1 0
github.com/kjuiop/live-platform-go/platform/redis/redis.go:70.41,72.3 1 0
github.com/kjuiop/live-platform-go/internal/room/adapter/in/http/room_handler.go:22.81,27.2 1 1
github.com/kjuiop/live-platform-go/internal/room/adapter/in/http/room_handler.go:29.58,32.2 2 1
github.com/kjuiop/live-platform-go/internal/room/adapter/in/http/room_handler.go:34.89,41.2 1 1
github.com/kjuiop/live-platform-go/internal/room/adapter/in/http/room_handler.go:43.90,54.2 3 2
github.com/kjuiop/live-platform-go/internal/room/adapter/in/http/room_handler.go:56.50,59.43 3 3
github.com/kjuiop/live-platform-go/internal/room/adapter/in/http/room_handler.go:59.43,62.3 2 1
github.com/kjuiop/live-platform-go/internal/room/adapter/in/http/room_handler.go:64.2,65.65 2 2
github.com/kjuiop/live-platform-go/internal/room/adapter/in/http/room_handler.go:65.65,68.3 2 1
github.com/kjuiop/live-platform-go/internal/room/adapter/in/http/room_handler.go:70.2,78.51 2 1
github.com/kjuiop/live-platform-go/internal/room/application/room_service.go:20.98,25.2 1 2
github.com/kjuiop/live-platform-go/internal/room/application/room_service.go:27.91,31.55 3 2
github.com/kjuiop/live-platform-go/internal/room/application/room_service.go:31.55,33.3 1 1
github.com/kjuiop/live-platform-go/internal/room/application/room_service.go:35.2,35.12 1 1
github.com/kjuiop/live-platform-go/internal/system/adapter/in/http/system_handler.go:18.67,22.2 1 1
github.com/kjuiop/live-platform-go/internal/system/adapter/in/http/system_handler.go:24.55,27.2 2 1
github.com/kjuiop/live-platform-go/internal/system/adapter/in/http/system_handler.go:29.91,36.2 1 1
github.com/kjuiop/live-platform-go/internal/system/adapter/in/http/system_handler.go:38.53,50.2 3 1
github.com/kjuiop/live-platform-go/internal/room/domain/room.go:21.65,29.2 1 1
github.com/kjuiop/live-platform-go/internal/room/domain/room.go:31.42,35.2 3 1
github.com/kjuiop/live-platform-go/internal/system/application/system_service.go:19.67,25.2 1 1
github.com/kjuiop/live-platform-go/internal/system/application/system_service.go:27.81,29.2 1 1
github.com/kjuiop/live-platform-go/internal/system/domain/system.go:13.81,21.2 1 3
github.com/kjuiop/live-platform-go/platform/http/middleware/cors.go:10.38,20.2 1 0
github.com/kjuiop/live-platform-go/platform/http/middleware/logging.go:11.42,12.30 1 2
github.com/kjuiop/live-platform-go/platform/http/middleware/logging.go:12.30,24.28 8 2
github.com/kjuiop/live-platform-go/platform/http/middleware/logging.go:24.28,26.4 1 0
github.com/kjuiop/live-platform-go/platform/http/middleware/logging.go:28.3,28.16 1 2
github.com/kjuiop/live-platform-go/platform/http/middleware/logging.go:28.16,30.4 1 0
github.com/kjuiop/live-platform-go/platform/http/middleware/logging.go:32.3,46.10 4 2
github.com/kjuiop/live-platform-go/platform/http/middleware/logging.go:47.30,48.26 1 1
github.com/kjuiop/live-platform-go/platform/http/middleware/logging.go:49.34,50.62 1 0
github.com/kjuiop/live-platform-go/platform/http/middleware/logging.go:51.34,52.63 1 1
github.com/kjuiop/live-platform-go/platform/http/middleware/logging.go:53.11,54.41 1 0
github.com/kjuiop/live-platform-go/platform/http/middleware/recover.go:16.33,17.30 1 2
github.com/kjuiop/live-platform-go/platform/http/middleware/recover.go:17.30,18.16 1 2
github.com/kjuiop/live-platform-go/platform/http/middleware/recover.go:18.16,19.36 1 2
github.com/kjuiop/live-platform-go/platform/http/middleware/recover.go:19.36,22.26 1 1
github.com/kjuiop/live-platform-go/platform/http/middleware/recover.go:22.26,29.6 3 0
github.com/kjuiop/live-platform-go/platform/http/middleware/recover.go:31.5,38.54 3 1
github.com/kjuiop/live-platform-go/platform/http/middleware/recover.go:41.3,41.11 1 2
github.com/kjuiop/live-platform-go/platform/http/middleware/recover.go:46.33,47.38 1 1
github.com/kjuiop/live-platform-go/platform/http/middleware/recover.go:47.38,48.46 1 0
github.com/kjuiop/live-platform-go/platform/http/middleware/recover.go:48.46,52.4 2 0
github.com/kjuiop/live-platform-go/platform/http/middleware/recover.go:54.2,54.14 1 1
github.com/kjuiop/live-platform-go/platform/http/middleware/response.go:3.37,5.2 1 2
github.com/kjuiop/live-platform-go/platform/http/middleware/response.go:7.41,9.2 1 1
github.com/kjuiop/live-platform-go/platform/http/middleware/response.go:11.41,13.2 1 1
